
  .   ____          _            __ _ _
 /\\ / ___'_ __ _ _(_)_ __  __ _ \ \ \ \
( ( )\___ | '_ | '_| | '_ \/ _` | \ \ \ \
 \\/  ___)| |_)| | | | | || (_| |  ) ) ) )
  '  |____| .__|_| |_|_| |_\__, | / / / /
 =========|_|==============|___/=/_/_/_/

 :: Spring Boot ::                (v3.3.4)

2026-09-02T14:51:00.041+05:30  INFO 37696 --- [resilire-backend] [           main] c.resilire.backend.BackendApplication    : Starting BackendApplication using Java 17.0.12 with PID 37696 (C:\Working 2026-27\Resilire\release-1\resilire-backend\target\classes started by Avdesh.Goswami in C:\Working 2026-27\Resilire\release-1\resilire-backend)
2026-09-02T14:51:00.044+05:30  INFO 37696 --- [resilire-backend] [           main] c.resilire.backend.BackendApplication    : No active profile set, falling back to 1 default profile: "default"
2026-09-02T14:51:00.840+05:30  INFO 37696 --- [resilire-backend] [           main] .s.d.r.c.RepositoryConfigurationDelegate : Bootstrapping Spring Data JPA repositories in DEFAULT mode.
2026-09-02T14:51:00.950+05:30  INFO 37696 --- [resilire-backend] [           main] .s.d.r.c.RepositoryConfigurationDelegate : Finished Spring Data repository scanning in 97 ms. Found 5 JPA repository interfaces.
2026-09-02T14:51:01.623+05:30  INFO 37696 --- [resilire-backend] [           main] o.s.b.w.embedded.tomcat.TomcatWebServer  : Tomcat initialized with port 8081 (http)
2026-09-02T14:51:01.644+05:30  INFO 37696 --- [resilire-backend] [           main] o.apache.catalina.core.StandardService   : Starting service [Tomcat]
2026-09-02T14:51:01.644+05:30  INFO 37696 --- [resilire-backend] [           main] o.apache.catalina.core.StandardEngine    : Starting Servlet engine: [Apache Tomcat/10.1.30]
2026-09-02T14:51:01.722+05:30  INFO 37696 --- [resilire-backend] [           main] o.a.c.c.C.[Tomcat].[localhost].[/]       : Initializing Spring embedded WebApplicationContext
2026-09-02T14:51:01.723+05:30  INFO 37696 --- [resilire-backend] [           main] w.s.c.ServletWebServerApplicationContext : Root WebApplicationContext: initialization completed in 1633 ms
2026-09-02T14:51:01.930+05:30  INFO 37696 --- [resilire-backend] [           main] com.zaxxer.hikari.HikariDataSource       : HikariPool-1 - Starting...
2026-09-02T14:51:02.144+05:30  INFO 37696 --- [resilire-backend] [           main] com.zaxxer.hikari.pool.HikariPool        : HikariPool-1 - Added connection org.postgresql.jdbc.PgConnection@501957bf
2026-09-02T14:51:02.147+05:30  INFO 37696 --- [resilire-backend] [           main] com.zaxxer.hikari.HikariDataSource       : HikariPool-1 - Start completed.
2026-09-02T14:51:02.187+05:30  INFO 37696 --- [resilire-backend] [           main] org.flywaydb.core.FlywayExecutor         : Database: jdbc:postgresql://localhost:5432/resilire_db (PostgreSQL 18.3)
2026-09-02T14:51:02.201+05:30  WARN 37696 --- [resilire-backend] [           main] o.f.c.internal.database.base.Database    : Flyway upgrade recommended: PostgreSQL 18.3 is newer than this version of Flyway and support has not been tested. The latest supported version of PostgreSQL is 16.
2026-09-02T14:51:02.255+05:30  INFO 37696 --- [resilire-backend] [           main] o.f.core.internal.command.DbValidate     : Successfully validated 3 migrations (execution time 00:00.042s)
2026-09-02T14:51:02.376+05:30  INFO 37696 --- [resilire-backend] [           main] o.f.core.internal.command.DbMigrate      : Current version of schema "public": 3
2026-09-02T14:51:02.380+05:30  INFO 37696 --- [resilire-backend] [           main] o.f.core.internal.command.DbMigrate      : Schema "public" is up to date. No migration necessary.
2026-09-02T14:51:02.633+05:30  INFO 37696 --- [resilire-backend] [           main] o.hibernate.jpa.internal.util.LogHelper  : HHH000204: Processing PersistenceUnitInfo [name: default]
2026-09-02T14:51:02.844+05:30  INFO 37696 --- [resilire-backend] [           main] org.hibernate.Version                    : HHH000412: Hibernate ORM core version 6.5.3.Final
2026-09-02T14:51:02.970+05:30  INFO 37696 --- [resilire-backend] [           main] o.h.c.internal.RegionFactoryInitiator    : HHH000026: Second-level cache disabled
2026-09-02T14:51:03.700+05:30  INFO 37696 --- [resilire-backend] [           main] o.s.o.j.p.SpringPersistenceUnitInfo      : No LoadTimeWeaver setup: ignoring JPA class transformer
2026-09-02T14:51:06.421+05:30  INFO 37696 --- [resilire-backend] [           main] o.h.e.t.j.p.i.JtaPlatformInitiator       : HHH000489: No JTA platform available (set 'hibernate.transaction.jta.platform' to enable JTA platform integration)
2026-09-02T14:51:06.501+05:30  INFO 37696 --- [resilire-backend] [           main] j.LocalContainerEntityManagerFactoryBean : Initialized JPA EntityManagerFactory for persistence unit 'default'
2026-09-02T14:51:07.503+05:30  INFO 37696 --- [resilire-backend] [           main] o.s.d.j.r.query.QueryEnhancerFactory     : Hibernate is in classpath; If applicable, HQL parser will be used.
2026-09-02T14:51:08.994+05:30  INFO 37696 --- [resilire-backend] [           main] eAuthenticationProviderManagerConfigurer : Global AuthenticationManager configured with AuthenticationProvider bean with name authenticationProvider
2026-09-02T14:51:08.995+05:30  WARN 37696 --- [resilire-backend] [           main] r$InitializeUserDetailsManagerConfigurer : Global AuthenticationManager configured with an AuthenticationProvider bean. UserDetailsService beans will not be used for username/password login. Consider removing the AuthenticationProvider bean. Alternatively, consider using the UserDetailsService in a manually instantiated DaoAuthenticationProvider.
2026-09-02T14:51:09.102+05:30  WARN 37696 --- [resilire-backend] [           main] JpaBaseConfiguration$JpaWebConfiguration : spring.jpa.open-in-view is enabled by default. Therefore, database queries may be performed during view rendering. Explicitly configure spring.jpa.open-in-view to disable this warning
2026-09-02T14:51:10.213+05:30  INFO 37696 --- [resilire-backend] [           main] o.s.b.w.embedded.tomcat.TomcatWebServer  : Tomcat started on port 8081 (http) with context path '/'
2026-09-02T14:51:10.231+05:30  INFO 37696 --- [resilire-backend] [           main] c.resilire.backend.BackendApplication    : Started BackendApplication in 10.613 seconds (process running for 11.015)
[ERROR] Failed to execute goal org.springframework.boot:spring-boot-maven-plugin:3.3.4:run (default-cli) on project resilire-backend: Process terminated with exit code: 1 -> [Help 1]
[ERROR] 
[ERROR] To see the full stack trace of the errors, re-run Maven with the -e switch.
[ERROR] Re-run Maven using the -X switch to enable full debug logging.
[ERROR] 
[ERROR] For more information about the errors and possible solutions, please read the following articles:
[ERROR] [Help 1] http://cwiki.apache.org/confluence/display/MAVEN/MojoExecutionException
